// Vitest Snapshot v1, https://vitest.dev/guide/snapshot.html

exports[`Just Enough > Reroll in play > plays out exactly as recorded 1`] = `
"== dice + market + threeOfAKind + reroll + lowestWins | seed golden-2 | p1, p2, p3
-- turn 1
   p1 dice rolled [2,4]
   p2 dice rolled [5,2]
   p3 dice rolled [6,4]
   offer t1p0 Leaf (needs 2)
   offer t1p1 Moon (needs 3)
   offer t1p2 Star (needs 5)
   p1 dice takes 4 from [2,4]
   p2 dice takes 5 from [5,2]
   p3 dice takes 6 from [6,4]
   lowestWins: lowest wins
   p1 claims t1p0 with 4
   p2 claims t1p0 with 5
   p3 claims t1p0 with 6
   p1 WINS t1p0 with 4
   p1 takes Leaf
   t1p1 unwon (noClaims)
   t1p2 unwon (noClaims)
-- turn 2
   p1 dice rolled [4,1]
   p2 dice rolled [6,2]
   p3 dice rolled [2,5]
   offer t2p0 Moon (needs 5)
   offer t2p1 Leaf (needs 2)
   offer t2p2 Star (needs 3)
   p1 dice takes 4 from [4,1]
   p2 dice takes 6 from [6,2]
   p3 dice takes 5 from [2,5]
   lowestWins: lowest wins
   p1 claims t2p0 with 4
   p2 claims t2p0 with 6
   p3 claims t2p0 with 5
   p1 dropped from t2p0 (belowRequirement)
   p3 WINS t2p0 with 5
   p3 takes Moon
   t2p1 unwon (noClaims)
   t2p2 unwon (noClaims)
-- turn 3
   p1 dice rolled [5,6]
   p2 dice rolled [2,3]
   p3 dice rolled [2,1]
   offer t3p0 Star (needs 2)
   offer t3p1 Leaf (needs 4)
   offer t3p2 Moon (needs 3)
   p1 dice takes 6 from [5,6]
   p2 dice takes 3 from [2,3]
   p3 dice takes 2 from [2,1]
   lowestWins: lowest wins
   p1 claims t3p0 with 6
   p2 claims t3p0 with 3
   p3 claims t3p0 with 2
   p3 WINS t3p0 with 2
   p3 takes Star
   t3p1 unwon (noClaims)
   t3p2 unwon (noClaims)
-- turn 4
   p1 dice rolled [5,2]
   p2 dice rolled [4,1]
   p3 dice rolled [2,6]
   offer t4p0 Star (needs 2)
   offer t4p1 Leaf (needs 6)
   offer t4p2 Moon (needs 4)
   p1 dice takes 5 from [5,2]
   p2 dice takes 4 from [4,1]
   p3 dice takes 6 from [2,6]
   lowestWins: lowest wins
   p1 claims t4p0 with 5
   p2 claims t4p0 with 4
   p3 claims t4p0 with 6
   p2 WINS t4p0 with 4
   p2 takes Star
   t4p1 unwon (noClaims)
   t4p2 unwon (noClaims)
-- turn 5
   p1 dice rolled [1,6]
   p2 dice rolled [4,1]
   p3 dice rolled [2,2]
   offer t5p0 Leaf (needs 6)
   offer t5p1 Moon (needs 5)
   offer t5p2 Star (needs 2)
   p1 dice takes 6 from [1,6]
   p2 dice takes 4 from [4,1]
   p3 dice takes 2 from [2,2]
   lowestWins: lowest wins
   p1 claims t5p0 with 6
   p2 claims t5p0 with 4
   p3 claims t5p0 with 2
   p2 dropped from t5p0 (belowRequirement)
   p3 dropped from t5p0 (belowRequirement)
   p1 WINS t5p0 with 6
   p1 takes Leaf
   t5p1 unwon (noClaims)
   t5p2 unwon (noClaims)
== end (turnCap) 1. p1 0  1. p2 0  1. p3 0"
`;
