// Vitest Snapshot v1, https://vitest.dev/guide/snapshot.html

exports[`Just Enough > Reroll in play > plays out exactly as recorded 1`] = `
"== dice + market + reroll + lowestWins + threeOfAKind | seed golden-2 | p1, p2, p3
-- turn 1
   p1 dice 6 [2,4]
   p2 dice 7 [5,2]
   p3 dice 10 [6,4]
   offer t1p0 Leaf 4 (needs 4)
   offer t1p1 Moon 6 (needs 6)
   offer t1p2 Star 8 (needs 8)
   lowestWins: lowest wins
   p1 claims t1p0 with 6
   p2 claims t1p0 with 7
   p3 claims t1p0 with 10
   p1 WINS t1p0 with 6
   p1 takes Leaf
   t1p1 unwon (noClaims)
   t1p2 unwon (noClaims)
-- turn 2
   p1 dice 5 [4,1]
   p2 dice 8 [6,2]
   p3 dice 7 [2,5]
   offer t2p0 Moon 9 (needs 9)
   offer t2p1 Leaf 5 (needs 5)
   offer t2p2 Star 6 (needs 6)
   lowestWins: lowest wins
   p1 claims t2p0 with 5
   p2 claims t2p0 with 8
   p3 claims t2p0 with 7
   p1 dropped from t2p0 (belowRequirement)
   p2 dropped from t2p0 (belowRequirement)
   p3 dropped from t2p0 (belowRequirement)
   t2p0 unwon (allDropped)
   t2p1 unwon (noClaims)
   t2p2 unwon (noClaims)
-- turn 3
   p1 dice 11 [5,6]
   p2 dice 5 [2,3]
   p3 dice 3 [2,1]
   offer t3p0 Star 4 (needs 4)
   offer t3p1 Leaf 7 (needs 7)
   offer t3p2 Moon 5 (needs 5)
   lowestWins: lowest wins
   p1 claims t3p0 with 11
   p2 claims t3p0 with 5
   p3 claims t3p0 with 3
   p3 dropped from t3p0 (belowRequirement)
   p2 WINS t3p0 with 5
   p2 takes Star
   t3p1 unwon (noClaims)
   t3p2 unwon (noClaims)
-- turn 4
   p1 dice 7 [5,2]
   p2 dice 5 [4,1]
   p3 dice 8 [2,6]
   offer t4p0 Star 4 (needs 4)
   offer t4p1 Leaf 10 (needs 10)
   offer t4p2 Moon 8 (needs 8)
   lowestWins: lowest wins
   p1 claims t4p0 with 7
   p2 claims t4p0 with 5
   p3 claims t4p0 with 8
   p2 WINS t4p0 with 5
   p2 takes Star
   t4p1 unwon (noClaims)
   t4p2 unwon (noClaims)
-- turn 5
   p1 dice 7 [1,6]
   p2 dice 5 [4,1]
   p3 dice 4 [2,2]
   offer t5p0 Leaf 10 (needs 10)
   offer t5p1 Moon 9 (needs 9)
   offer t5p2 Star 4 (needs 4)
   lowestWins: lowest wins
   p1 claims t5p0 with 7
   p2 claims t5p0 with 5
   p3 claims t5p0 with 4
   p1 dropped from t5p0 (belowRequirement)
   p2 dropped from t5p0 (belowRequirement)
   p3 dropped from t5p0 (belowRequirement)
   t5p0 unwon (allDropped)
   t5p1 unwon (noClaims)
   t5p2 unwon (noClaims)
== end (turnCap) 1. p1 0  1. p2 0  1. p3 0"
`;
